$ python examples/00_make_data.py
已生成5份合成教学CSV；正式赛题数据仍未取得。
exit_code=0
elapsed_seconds=0.5275

$ python examples/01_demand_forecast.py
题一完成：4个14天窗口，3种方法；真实赛题粒度待确认。
exit_code=0
elapsed_seconds=1.3719

$ python examples/02_warehouse_eiq_abc.py
题二完成：按天计算EQ/EN/IQ/IK，核对数量并比较ABC阈值。
exit_code=0
elapsed_seconds=0.552

$ python examples/03_dc_locations.py
题三完成：4个中心数量、3个半径，区分城市覆盖与需求覆盖。
exit_code=0
elapsed_seconds=1.5969

$ python examples/04_customer_segments.py
题四完成：60位合成客户，规则对照、4个k和5个初始化检查。
exit_code=0
elapsed_seconds=1.3571

$ python examples/05_kmeans_by_hand.py
手算K-means完成：中心从1和2移动到1.5和8.5；见trace.csv。
exit_code=0
elapsed_seconds=0.0195

$ python examples/failure_cases.py
错误示范完成：4项拒绝检查、1项EIQ口径检查、1项答案泄漏示范。
exit_code=0
elapsed_seconds=0.4923
